01-01 11:08:36.145   288   288 D RILD    : **RIL Daemon Started**
01-01 11:08:36.145   288   288 D RILD    : **RILd param count=1**
01-01 11:08:36.261   288   288 E RILD    : dlopen failed: dlopen failed: library "libpin-cache.so" not found
01-01 11:08:37.997   302   302 D TelephonyManager: /proc/cmdline=androidboot.hardware=yukon androidboot.selinux=permissive user_debug=31 msm_rtb.filter=0x37 console=ttyHSL0,115200,n8 coherent_pool=8M vmalloc=400M mem=1003M androidboot.emmc=true androidboot.bootloader=s1 oemandroidboot.s1boot=1274-7024_S1_Boot_MSM8x26_LA1.0_1029 androidboot.serialno=YT910QEQSP ta_info=1,16,256 startup=0x00000001 warmboot=0x77665501 oemandroidboot.imei=3518670627405400 oemandroidboot.phoneid=0000:3518670627405400,0000:3518670627405500 oemandroidboot.security=0 oemandroidboot.babe090a=01 display_status=off androidboot.baseband=msm
01-01 11:08:40.326   722   722 D RILD    : **RIL Daemon Started**
01-01 11:08:40.326   722   722 D RILD    : **RILd param count=1**
01-01 11:08:40.330   722   722 E RILD    : dlopen failed: dlopen failed: library "libpin-cache.so" not found
01-01 11:08:43.711   649   928 D TelephonyRegistry: listen oscl: hasNotifySubscriptionInfoChangedOccurred==false no callback
01-01 11:08:44.402  1055  1055 D RILD    : **RIL Daemon Started**
01-01 11:08:44.402  1055  1055 D RILD    : **RILd param count=1**
01-01 11:08:44.405  1055  1055 E RILD    : dlopen failed: dlopen failed: library "libpin-cache.so" not found
01-01 11:08:44.603   649   663 D TelephonyRegistry: listen oscl: hasNotifySubscriptionInfoChangedOccurred==false no callback
01-01 11:08:45.836   649   672 D TelephonyRegistry: listen oscl: hasNotifySubscriptionInfoChangedOccurred==false no callback
01-01 11:08:45.845   649   649 D TelephonyRegistry: systemRunning register for intents
01-01 11:08:46.091  1174  1174 D TDC     : updateOrInsert: inserting: Modem { uuid=modem, state=0, rilModel=0, rat={}, maxActiveVoiceCall=1, maxActiveDataCall=1, maxStandby=1 }
01-01 11:08:46.091  1174  1174 D TDC     : updateOrInsert: inserting: Sim { uuid=sim, modemUuid=modem, state=0 }
01-01 11:08:46.102  1174  1174 D CdmaSSM : subscriptionSource from settings: 1
01-01 11:08:46.102  1174  1174 I PhoneFactory: Cdma Subscription set to 1
01-01 11:08:46.119  1174  1174 I PhoneFactory: Network Mode set to 9
01-01 11:08:46.120  1174  1174 D RILJ    : RIL(context, preferredNetworkType=9 cdmaSubscription=1)
01-01 11:08:46.124  1174  1174 D RILJ    : Starting RILReceiver0 [SUB0]
01-01 11:08:46.128  1174  1174 D RILJ    : [3648]> GET_HARDWARE_CONFIG [SUB0]
01-01 11:08:46.129  1174  1174 D RilRequest: [3648]< GET_HARDWARE_CONFIG error: com.android.internal.telephony.CommandException: RADIO_NOT_AVAILABLE ret=
01-01 11:08:46.129  1174  1174 I PhoneFactory: Creating SubscriptionController
01-01 11:08:46.139  1174  1233 I RILJ    : Couldn't find 'rild' socket; retrying after timeout
01-01 11:08:46.144  1174  1174 D SubscriptionController: [SubscriptionController] init by Context
01-01 11:08:46.165  1174  1174 D UiccController: Creating UiccController
01-01 11:08:46.176  1174  1174 D TelephonyTester: register for intent action=com.android.internal.telephony.gsm.action_detached
01-01 11:08:46.176  1174  1174 D TelephonyTester: register for intent action=com.android.internal.telephony.gsm.action_attached
01-01 11:08:46.196  1174  1174 D PhoneBase: mDoesRilSendMultipleCallRing=false
01-01 11:08:46.196  1174  1174 D PhoneBase: mCallRingDelay=3000
01-01 11:08:46.222  1174  1174 D RILJ    : [3649]> RIL_REQUEST_START_LCE [SUB0]
01-01 11:08:46.223  1174  1174 D RilRequest: [3649]< RIL_REQUEST_START_LCE error: com.android.internal.telephony.CommandException: RADIO_NOT_AVAILABLE ret=
01-01 11:08:46.223  1174  1174 D RILJ    : setPhoneType=1 old value=0 [SUB0]
01-01 11:08:46.245   649   662 D TelephonyRegistry: listen oscl: hasNotifySubscriptionInfoChangedOccurred==false no callback
01-01 11:08:46.245  1174  1174 D TelephonyManager: setTelephonyProperty: success phoneId=0 property=gsm.network.type value: Unknown propVal=Unknown
01-01 11:08:46.249  1174  1174 D RILJ    : [3650]> SIGNAL_STRENGTH [SUB0]
01-01 11:08:46.249  1174  1174 D RilRequest: [3650]< SIGNAL_STRENGTH error: com.android.internal.telephony.CommandException: RADIO_NOT_AVAILABLE ret=
01-01 11:08:46.254  1174  1174 D DCT     : [0]DCT.constructor
01-01 11:08:46.254  1174  1174 D SubscriptionController: [getSubId]- sSlotIdxToSubId.size == 0, return DummySubIds slotIdx=0
01-01 11:08:46.256  1174  1174 D DCT     : [0]getDataEnabled: getIntWithSubId retVal=true
01-01 11:08:46.258   649   912 D TelephonyRegistry: listen oscl: hasNotifySubscriptionInfoChangedOccurred==false no callback
01-01 11:08:46.265  1174  1174 D Dcc     : E ctor
01-01 11:08:46.265  1174  1174 D Dcc     : X ctor
01-01 11:08:46.271  1174  1174 D SubscriptionController: [getPhoneId] asked for default subId=-1
01-01 11:08:46.271  1174  1174 D SubscriptionController: [getPhoneId]- invalid subId return=-1
01-01 11:08:46.276  1174  1257 D DcTesterDeacativeAll: register for intent action=com.android.internal.telephony.dataconnection.action_deactivate_all
01-01 11:08:46.276  1174  1257 D DcTesterDeacativeAll: register for intent action=com.android.internal.telephony.gsm.action_detached
01-01 11:08:46.278  1174  1174 D DcTesterFailBrinupAll: register for intent action=com.android.internal.telephony.dataconnection.action_fail_bringup
01-01 11:08:46.278  1174  1174 D DcTesterFailBrinupAll: register for intent action=com.android.internal.telephony.gsm.action_detached
01-01 11:08:46.278  1174  1174 D DcTesterFailBrinupAll: register for intent action=com.android.internal.telephony.gsm.action_attached
01-01 11:08:46.286  1174  1174 D DCT     : [0]GsmDCT.constructor
01-01 11:08:46.286  1174  1174 D SubscriptionController: [getSubId]- sSlotIdxToSubId.size == 0, return DummySubIds slotIdx=0
01-01 11:08:46.286  1174  1174 D DCT     : [0]update sub = -2
01-01 11:08:46.286  1174  1174 D DCT     : [0]update(): Active DDS, register for all events now!
01-01 11:08:46.287  1174  1174 D GsmSST  : [GsmSST] notifyDataRegStateRilRadioTechnologyChanged: drs=1 rat=0
01-01 11:08:46.287  1174  1174 D TelephonyManager: setTelephonyProperty: success phoneId=0 property=gsm.network.type value: Unknown propVal=Unknown
01-01 11:08:46.288  1174  1174 D DCT     : [0]getDataEnabled: getIntWithSubId retVal=true
01-01 11:08:46.291  1174  1174 D SubscriptionController: [getSubId]- sSlotIdxToSubId.size == 0, return DummySubIds slotIdx=0
01-01 11:08:46.291  1174  1174 D GSMPhone: [GSMPhone] updateCurrentCarrierInProvider: mSubId = -2 currentDds = -1 operatorNumeric = null
01-01 11:08:46.293  1174  1174 D DCT     : [0]initApnContexts: E
01-01 11:08:46.294  1174  1174 D DCT     : [0]initApnContexts: skipping unknown type=1
01-01 11:08:46.295  1174  1174 D DCT     : [0]initApnContexts: apnContext={mApnType=default mState=IDLE mWaitingApns={null} mWaitingApnsPermanentFailureCountDown=0 mApnSetting={null} mReason=dataEnabled mDataEnabled=false mDependencyMet=true}
01-01 11:08:46.295  1174  1174 D DCT     : [0]initApnContexts: apnContext={mApnType=mms mState=IDLE mWaitingApns={null} mWaitingApnsPermanentFailureCountDown=0 mApnSetting={null} mReason=dataEnabled mDataEnabled=false mDependencyMet=true}
01-01 11:08:46.295  1174  1174 D DCT     : [0]initApnContexts: apnContext={mApnType=supl mState=IDLE mWaitingApns={null} mWaitingApnsPermanentFailureCountDown=0 mApnSetting={null} mReason=dataEnabled mDataEnabled=false mDependencyMet=true}
01-01 11:08:46.295  1174  1174 D DCT     : [0]initApnContexts: apnContext={mApnType=dun mState=IDLE mWaitingApns={null} mWaitingApnsPermanentFailureCountDown=0 mApnSetting={null} mReason=dataEnabled mDataEnabled=false mDependencyMet=true}
01-01 11:08:46.295  1174  1174 D DCT     : [0]initApnContexts: apnContext={mApnType=hipri mState=IDLE mWaitingApns={null} mWaitingApnsPermanentFailureCountDown=0 mApnSetting={null} mReason=dataEnabled mDataEnabled=false mDependencyMet=true}
01-01 11:08:46.295  1174  1174 D DCT     : [0]initApnContexts: skipping unknown type=13
01-01 11:08:46.295  1174  1174 D DCT     : [0]initApnContexts: skipping unknown type=7
01-01 11:08:46.296  1174  1174 D DCT     : [0]initApnContexts: X mApnContexts={default={mApnType=default mState=IDLE mWaitingApns={null} mWaitingApnsPermanentFailureCountDown=0 mApnSetting={null} mReason=dataEnabled mDataEnabled=false mDependencyMet=true}, mms={mApnType=mms mState=IDLE mWaitingApns={null} mWaitingApnsPermanentFailureCountDown=0 mApnSetting={null} mReason=dataEnabled mDataEnabled=false mDependencyMet=true}, supl={mApnType=supl mState=IDLE mWaitingApns={null} mWaitingApnsPermanentFailureCountDown=0 mApnSetting={null} mReason=dataEnabled mDataEnabled=false mDependencyMet=true}, dun={mApnType=dun mState=IDLE mWaitingApns={null} mWaitingApnsPermanentFailureCountDown=0 mApnSetting={null} mReason=dataEnabled mDataEnabled=false mDependencyMet=true}, hipri={mApnType=hipri mState=IDLE mWaitingApns={null} mWaitingApnsPermanentFailureCountDown=0 mApnSetting={null} mReason=dataEnabled mDataEnabled=false mDependencyMet=true}}
01-01 11:08:46.336  1174  1174 D TelephonyManager: setTelephonyProperty: success phoneId=0 property=gsm.current.phone-type value: 1 propVal=1
01-01 11:08:46.336  1174  1174 D GSMPhone: [GSMPhone] GSMPhone: constructor: sub = 0
01-01 11:08:46.336  1174  1174 D TelephonyManager: setTelephonyProperty: success phoneId=0 property=gsm.current.phone-type value: 1 propVal=1
01-01 11:08:46.337  1174  1174 I PhoneFactory: Creating Phone with type = 1 sub = 0
01-01 11:08:46.348  1174  1174 E RIL_ImsSms: getFormat should never be called from here!
01-01 11:08:46.348  1174  1174 D SMSDispatcher: SMSDispatcher: ctor mSmsCapable=true format=unknown mSmsSendDisabled=false
01-01 11:08:46.348  1174  1174 D RIL_ImsSms: ImsSMSDispatcher created
01-01 11:08:46.349  1174  1174 D SMSDispatcher: SMSDispatcher: ctor mSmsCapable=true format=3gpp2 mSmsSendDisabled=false
01-01 11:08:46.349  1174  1174 D CdmaSMSDispatcher: CdmaSMSDispatcher created
01-01 11:08:46.351   649   649 D TelephonyRegistry: notifyCellLocationForSubscriber: subId=0 cellLocation=Bundle[{cid=-1, lac=-1, psc=-1}]
01-01 11:08:46.354  1174  1199 D SubscriptionController: [getPhoneId]- no sims, returning default phoneId=2147483647
01-01 11:08:46.406  1174  1174 D GsmInboundSmsHandler: created InboundSmsHandler
01-01 11:08:46.434  1174  1174 D CdmaInboundSmsHandler: created InboundSmsHandler
01-01 11:08:46.455  1174  1174 D SMSDispatcher: SMSDispatcher: ctor mSmsCapable=true format=3gpp mSmsSendDisabled=false
01-01 11:08:46.456  1174  1174 D GsmSMSDispatcher: GsmSMSDispatcher created
01-01 11:08:46.456  1174  1306 D SmsBroadcastUndelivered: scanning raw table for undelivered messages
01-01 11:08:46.457  1174  1174 D IccCardProxy: ctor: ci=com.android.internal.telephony.RIL@9c16221 phoneId=0
01-01 11:08:46.457  1174  1174 D CdmaSSM : subscriptionSource from settings: 1
01-01 11:08:46.457  1174  1174 D CdmaSSM : cdmaSSM constructor: 1
01-01 11:08:46.457  1174  1174 D IccCardProxy: update icc_operator_numeric=
01-01 11:08:46.457  1174  1174 D TelephonyManager: setTelephonyProperty: success phoneId=0 property=gsm.sim.operator.numeric value:  propVal=
01-01 11:08:46.458  1174  1174 D TelephonyManager: setTelephonyProperty: success phoneId=0 property=gsm.sim.operator.iso-country value:  propVal=
01-01 11:08:46.459  1174  1174 D TelephonyManager: setTelephonyProperty: success phoneId=0 property=gsm.sim.operator.alpha value:  propVal=
01-01 11:08:46.461  1174  1174 E IccCardProxy: setExternalState: set mPhoneId=0 mExternalState=NOT_READY
01-01 11:08:46.461  1174  1174 D TelephonyManager: setTelephonyProperty: success phoneId=0 property=gsm.sim.state value: NOT_READY propVal=NOT_READY
01-01 11:08:46.465  1174  1174 D SubscriptionController: [getSubId]- sSlotIdxToSubId.size == 0, return DummySubIds slotIdx=0
01-01 11:08:46.465  1174  1174 D IccCardProxy: broadcastIccStateChangedIntent intent ACTION_SIM_STATE_CHANGED value=NOT_READY reason=null for mPhoneId=0
01-01 11:08:46.466  1174  1174 D IccCardProxy: Setting radio tech UMTS
01-01 11:08:46.466  1174  1174 D TelephonyManager: getLteOnCdmaMode=0 curVal=0 product_type='' lteOnCdmaProductType=''
01-01 11:08:46.466  1174  1174 D IccCardProxy: updateQuietMode: 3GPP subscription -> newQuietMode=false
01-01 11:08:46.466  1174  1174 D IccCardProxy: updateQuietMode: no changes don't setExternalState
01-01 11:08:46.466  1174  1174 D IccCardProxy: updateQuietMode: QuietMode is false (app_type=1 isLteOnCdmaMode=false cdmaSource=-1)
01-01 11:08:46.468  1174  1174 D ProxyController: Constructor - Enter
01-01 11:08:46.469  1174  1174 D DctController: makeDctController: new DctController phones.length=1
01-01 11:08:46.469  1174  1174 D DctController: DctController(): phones.length=1
01-01 11:08:46.480  1174  1193 D SubscriptionController: [getActiveSubInfoList]+
01-01 11:08:46.482  1174  1174 D DcSwitchSM: [DcSwitchStateMachine-0] DcSwitchState constructor E
01-01 11:08:46.482  1174  1174 D DcSwitchSM: [DcSwitchStateMachine-0] DcSwitchState constructor X
01-01 11:08:46.483  1174  1193 D SubscriptionController: [getActiveSubInfoList] Sub Controller not ready
01-01 11:08:46.492  1174  1309 D DcSwitchSM: [DcSwitchStateMachine-0] IdleState: enter
01-01 11:08:46.493  1174  1174 D DctController: DctController(phones): Connect success: 0
01-01 11:08:46.493  1174  1174 D DctController: updatePhoneBaseForIndex for phone index=0
01-01 11:08:46.493  1174  1174 D DctController: unregister TelephonyNetworkFactory for phone index=0
01-01 11:08:46.494  1174  1174 D SubscriptionController: [getSubId]- sSlotIdxToSubId.size == 0, return DummySubIds slotIdx=0
01-01 11:08:46.494  1174  1174 D DctController: [TNF -2]NetworkCapabilities: [ Transports: CELLULAR Capabilities: MMS&SUPL&DUN&FOTA&IMS&CBS&IA&RCS&XCAP&EIMS&INTERNET&NOT_RESTRICTED&TRUSTED&NOT_VPN]
01-01 11:08:46.497   649   662 D TelephonyRegistry: listen oscl: hasNotifySubscriptionInfoChangedOccurred==false no callback
01-01 11:08:46.499  1174  1174 D DctController: makeDctController: X sDctController=Handler (com.android.internal.telephony.dataconnection.DctController) {ea9bd15}
01-01 11:08:46.507  1174  1174 D ProxyController: clearTransaction
01-01 11:08:46.507  1174  1174 D ProxyController: clearTransaction: phoneId=0 status=IDLE
01-01 11:08:46.508  1174  1174 D ProxyController: Constructor - Exit
01-01 11:08:46.515  1174  1306 D SmsBroadcastUndelivered: finished scanning raw table in 58 ms
01-01 11:08:46.515  1174  1293 D CdmaInboundSmsHandler: StartupState.processMessage:6
01-01 11:08:46.516  1174  1293 D CdmaInboundSmsHandler: entering Idle state
01-01 11:08:46.516  1174  1271 D GsmInboundSmsHandler: StartupState.processMessage:6
01-01 11:08:46.516  1174  1271 D GsmInboundSmsHandler: entering Idle state
01-01 11:08:46.552  1174  1174 I PhoneFactory: defaultSmsApplication: com.android.messaging
01-01 11:08:46.582  1174  1174 I PhoneFactory: Creating SubInfoRecordUpdater 
01-01 11:08:46.583  1174  1174 D SubscriptionInfoUpdater: Constructor invoked
01-01 11:08:46.605  1174  1174 D CallManager: registerPhone(GSM Handler (com.android.internal.telephony.PhoneProxy) {a7f8cf6})
01-01 11:08:46.650   649   912 D TelephonyRegistry: listen oscl: hasNotifySubscriptionInfoChangedOccurred==false no callback
01-01 11:08:46.680  1174  1174 D RILJ    : [3651]> RIL_REQUEST_SET_TTY_MODE : 0 [SUB0]
01-01 11:08:46.680  1174  1174 D RilRequest: [3651]< RIL_REQUEST_SET_TTY_MODE error: com.android.internal.telephony.CommandException: RADIO_NOT_AVAILABLE ret=
01-01 11:08:46.682   649   663 D TelephonyRegistry: listen oscl: hasNotifySubscriptionInfoChangedOccurred==false no callback
01-01 11:08:46.684  1174  1174 D SubscriptionController: [getPhoneId] asked for default subId=-1
01-01 11:08:46.684  1174  1174 D SubscriptionController: [getPhoneId]- invalid subId return=-1
01-01 11:08:46.684  1174  1174 D UiccController: EVENT_RADIO_UNAVAILABLE, dispose card
01-01 11:08:46.685  1174  1174 D PhoneBase: config LCE service failed: com.android.internal.telephony.CommandException: RADIO_NOT_AVAILABLE
01-01 11:08:46.685  1174  1174 D RILJ    : [3652]> GET_CURRENT_CALLS [SUB0]
01-01 11:08:46.685  1174  1174 D RilRequest: [3652]< GET_CURRENT_CALLS error: com.android.internal.telephony.CommandException: RADIO_NOT_AVAILABLE ret=
01-01 11:08:46.685  1174  1174 D GsmSST  : [GsmSST] mDeviceShuttingDown = false
01-01 11:08:46.685  1174  1174 D GsmSST  : [GsmSST] mDesiredPowerState = true
01-01 11:08:46.685  1174  1174 D GsmSST  : [GsmSST] getRadioState = RADIO_UNAVAILABLE
01-01 11:08:46.685  1174  1174 D GsmSST  : [GsmSST] mPowerOffDelayNeed = true
01-01 11:08:46.685  1174  1174 D GsmSST  : [GsmSST] mAlarmSwitch = false
01-01 11:08:46.685  1174  1174 D PHONE   : [ServiceState] setNullState=1
01-01 11:08:46.686  1174  1174 D GsmSST  : [GsmSST] Poll ServiceState done:  oldSS=[1 1 voice home data home null null null null null null  Unknown Unknown CSS not supported 0 0 RoamInd=0 DefRoamInd=0 EmergOnly=false IsDataRoamingFromRegistration=false] newSS=[1 1 voice home data home null null null null null null  Unknown Unknown CSS not supported -1 -1 RoamInd=-1 DefRoamInd=-1 EmergOnly=false IsDataRoamingFromRegistration=false] oldMaxDataCalls=1 mNewMaxDataCalls=1 oldReasonDataDenied=-1 mNewReasonDataDenied=-1
01-01 11:08:46.686  1174  1174 D PHONE   : [ServiceState] setNullState=1
01-01 11:08:46.686  1174  1174 D GsmSST  : [GsmSST] updateSpnDisplay: radio is on but out of service, set plmn='No service.'
01-01 11:08:46.686  1174  1174 D SubscriptionController: [getSubId]- sSlotIdxToSubId.size == 0, return DummySubIds slotIdx=0
01-01 11:08:46.686  1174  1174 D GsmSST  : [GsmSST] updateSpnDisplay: changed sending intent rule=0 showPlmn='true' plmn='No service.' showSpn='false' spn='' dataSpn='' subId='-2'
01-01 11:08:46.687  1174  1174 D SubscriptionController: [getSubId]- sSlotIdxToSubId.size == 0, return DummySubIds slotIdx=0
01-01 11:08:46.688  1174  1174 D SubscriptionController: [getSubId]- sSlotIdxToSubId.size == 0, return DummySubIds slotIdx=0
01-01 11:08:46.688  1174  1174 D SubscriptionController: [setPlmnSpn] No valid subscription to store info
01-01 11:08:46.689  1174  1174 D SubscriptionController: notifySubscriptionInfoChanged:
01-01 11:08:46.690   649  1214 D TelephonyRegistry: notifySubscriptionInfoChanged: first invocation mRecords.size=15
01-01 11:08:46.694  1174  1311 D SubscriptionController: [getActiveSubInfoList]+
01-01 11:08:46.695  1174  1174 D TelephonyManager: setTelephonyProperty: success phoneId=0 property=gsm.operator.alpha value:  propVal=
01-01 11:08:46.695  1174  1174 D TelephonyManager: setTelephonyProperty: success phoneId=0 property=gsm.operator.numeric value:  propVal=
01-01 11:08:46.695  1174  1311 D SubscriptionController: [getActiveSubInfoList] Sub Controller not ready
01-01 11:08:46.696  1174  1174 D GsmSST  : [GsmSST] operatorNumeric is null
01-01 11:08:46.696  1174  1174 D TelephonyManager: setTelephonyProperty: success phoneId=0 property=gsm.operator.iso-country value:  propVal=
01-01 11:08:46.696  1174  1174 D TelephonyManager: setTelephonyProperty: success phoneId=0 property=gsm.operator.isroaming value: false propVal=false
01-01 11:08:46.697  1174  1174 D GsmSST  : [GsmSST] Broadcasting ServiceState : 1 1 voice home data home null null null null null null  Unknown Unknown CSS not supported -1 -1 RoamInd=-1 DefRoamInd=-1 EmergOnly=false IsDataRoamingFromRegistration=false
01-01 11:08:46.697  1174  1174 D SubscriptionController: [getSubId]- sSlotIdxToSubId.size == 0, return DummySubIds slotIdx=0
01-01 11:08:46.697  1174  1174 D DefaultPhoneNotifier: nofityServiceState: mRegistry=com.android.internal.telephony.ITelephonyRegistry$Stub$Proxy@ecce5c9 ss=1 1 voice home data home null null null null null null  Unknown Unknown CSS not supported -1 -1 RoamInd=-1 DefRoamInd=-1 EmergOnly=false IsDataRoamingFromRegistration=false sender=Handler (com.android.internal.telephony.gsm.GSMPhone) {18628f7} phondId=0 subId=-2
01-01 11:08:46.699  1174  1174 D SubscriptionController: [getSlotId]- subId invalid
01-01 11:08:46.699  1174  1174 D SubscriptionController: getSimStateForSlotIdx:  simState=NOT_READY ordinal=6
01-01 11:08:46.699   649   663 D SubscriptionManager: getSimStateForSubscriber: simState=6 slotIdx=0
01-01 11:08:46.699   649   663 D TelephonyManager: getSimState: default sim:-1, sim state for slotIdx=0 is 6, return state as unknown
01-01 11:08:46.702  1174  1174 D DCT     : [0]handleMessage msg={ when=-446ms what=270369 obj=android.os.AsyncResult@db744ce target=com.android.internal.telephony.dataconnection.DcTracker }
01-01 11:08:46.702  1174  1174 D DCT     : [0]handleMessage msg={ when=-416ms what=270342 obj=android.os.AsyncResult@3533fef target=com.android.internal.telephony.dataconnection.DcTracker }
01-01 11:08:46.702  1174  1174 D DCT     : [0]onRadioOffOrNotAvailable: is off and clean up all connections
01-01 11:08:46.702  1174  1174 D DCT     : [0]cleanUpAllConnections: tearDown=false reason=radioTurnedOff
01-01 11:08:46.702  1174  1174 D DCT     : [0]cleanUpConnection: tearDown=false reason=radioTurnedOff apnContext={mApnType=default mState=IDLE mWaitingApns={null} mWaitingApnsPermanentFailureCountDown=0 mApnSetting={null} mReason=radioTurnedOff mDataEnabled=false mDependencyMet=true}
01-01 11:08:46.703  1174  1174 D SubscriptionController: [getSubId]- sSlotIdxToSubId.size == 0, return DummySubIds slotIdx=0
01-01 11:08:46.704  1174  1174 D DCT     : [0]isDataAllowed: not allowed due to - Attached= false - SIM not loaded - defaultDataSelected= false
01-01 11:08:46.705  1174  1174 D SubscriptionController: [getPhoneId]- invalid subId return=-1
01-01 11:08:46.707  1174  1174 D DCT     : [0]cleanUpConnection: X tearDown=false reason=radioTurnedOff apnContext={mApnType=default mState=IDLE mWaitingApns={null} mWaitingApnsPermanentFailureCountDown=0 mApnSetting={null} mReason=radioTurnedOff mDataEnabled=false mDependencyMet=true} dcac=null
01-01 11:08:46.707  1174  1174 D DCT     : [0]cleanUpConnection: tearDown=false reason=radioTurnedOff apnContext={mApnType=mms mState=IDLE mWaitingApns={null} mWaitingApnsPermanentFailureCountDown=0 mApnSetting={null} mReason=radioTurnedOff mDataEnabled=false mDependencyMet=true}
01-01 11:08:46.707  1174  1174 D SubscriptionController: [getSubId]- sSlotIdxToSubId.size == 0, return DummySubIds slotIdx=0
01-01 11:08:46.708  1174  1174 D DCT     : [0]isDataAllowed: not allowed due to - Attached= false - SIM not loaded - defaultDataSelected= false
01-01 11:08:46.709  1174  1174 D SubscriptionController: [getPhoneId]- invalid subId return=-1
01-01 11:08:46.710  1174  1174 D DCT     : [0]cleanUpConnection: X tearDown=false reason=radioTurnedOff apnContext={mApnType=mms mState=IDLE mWaitingApns={null} mWaitingApnsPermanentFailureCountDown=0 mApnSetting={null} mReason=radioTurnedOff mDataEnabled=false mDependencyMet=true} dcac=null
01-01 11:08:46.710  1174  1174 D DCT     : [0]cleanUpConnection: tearDown=false reason=radioTurnedOff apnContext={mApnType=supl mState=IDLE mWaitingApns={null} mWaitingApnsPermanentFailureCountDown=0 mApnSetting={null} mReason=radioTurnedOff mDataEnabled=false mDependencyMet=true}
01-01 11:08:46.710  1174  1174 D SubscriptionController: [getSubId]- sSlotIdxToSubId.size == 0, return DummySubIds slotIdx=0
01-01 11:08:46.711  1174  1174 D DCT     : [0]isDataAllowed: not allowed due to - Attached= false - SIM not loaded - defaultDataSelected= false
01-01 11:08:46.712  1174  1174 D SubscriptionController: [getPhoneId]- invalid subId return=-1
01-01 11:08:46.713  1174  1174 D DCT     : [0]cleanUpConnection: X tearDown=false reason=radioTurnedOff apnContext={mApnType=supl mState=IDLE mWaitingApns={null} mWaitingApnsPermanentFailureCountDown=0 mApnSetting={null} mReason=radioTurnedOff mDataEnabled=false mDependencyMet=true} dcac=null
01-01 11:08:46.713  1174  1174 D DCT     : [0]cleanUpConnection: tearDown=false reason=radioTurnedOff apnContext={mApnType=dun mState=IDLE mWaitingApns={null} mWaitingApnsPermanentFailureCountDown=0 mApnSetting={null} mReason=radioTurnedOff mDataEnabled=false mDependencyMet=true}
01-01 11:08:46.713  1174  1174 D SubscriptionController: [getSubId]- sSlotIdxToSubId.size == 0, return DummySubIds slotIdx=0
01-01 11:08:46.714  1174  1174 D DCT     : [0]isDataAllowed: not allowed due to - Attached= false - SIM not loaded - defaultDataSelected= false
01-01 11:08:46.715  1174  1174 D SubscriptionController: [getPhoneId]- invalid subId return=-1
01-01 11:08:46.716  1174  1174 D DCT     : [0]cleanUpConnection: X tearDown=false reason=radioTurnedOff apnContext={mApnType=dun mState=IDLE mWaitingApns={null} mWaitingApnsPermanentFailureCountDown=0 mApnSetting={null} mReason=radioTurnedOff mDataEnabled=false mDependencyMet=true} dcac=null
01-01 11:08:46.716  1174  1174 D DCT     : [0]cleanUpConnection: tearDown=false reason=radioTurnedOff apnContext={mApnType=hipri mState=IDLE mWaitingApns={null} mWaitingApnsPermanentFailureCountDown=0 mApnSetting={null} mReason=radioTurnedOff mDataEnabled=false mDependencyMet=true}
01-01 11:08:46.716  1174  1174 D SubscriptionController: [getSubId]- sSlotIdxToSubId.size == 0, return DummySubIds slotIdx=0
01-01 11:08:46.717  1174  1174 D DCT     : [0]isDataAllowed: not allowed due to - Attached= false - SIM not loaded - defaultDataSelected= false
01-01 11:08:46.719  1174  1174 D SubscriptionController: [getPhoneId]- invalid subId return=-1
01-01 11:08:46.720  1174  1174 D DCT     : [0]cleanUpConnection: X tearDown=false reason=radioTurnedOff apnContext={mApnType=hipri mState=IDLE mWaitingApns={null} mWaitingApnsPermanentFailureCountDown=0 mApnSetting={null} mReason=radioTurnedOff mDataEnabled=false mDependencyMet=true} dcac=null
01-01 11:08:46.721  1174  1174 D DCT     : [0]stopNetStatPoll
01-01 11:08:46.721  1174  1174 D SubscriptionController: [getSubId]- sSlotIdxToSubId.size == 0, return DummySubIds slotIdx=0
01-01 11:08:46.723  1174  1174 D DCT     : [0]cleanUpConnection: mDisconnectPendingCount = 0
01-01 11:08:46.723  1174  1174 D SubscriptionController: [getSubId]- sSlotIdxToSubId.size == 0, return DummySubIds slotIdx=0
01-01 11:08:46.724  1174  1174 D DCT     : [0]isDataAllowed: not allowed due to - Attached= false - SIM not loaded - defaultDataSelected= false
01-01 11:08:46.725  1174  1174 D SubscriptionController: [getPhoneId]- invalid subId return=-1
01-01 11:08:46.726  1174  1174 D SubscriptionController: [getSubId]- sSlotIdxToSubId.size == 0, return DummySubIds slotIdx=0
01-01 11:08:46.727  1174  1174 D DCT     : [0]isDataAllowed: not allowed due to - Attached= false - SIM not loaded - defaultDataSelected= false
01-01 11:08:46.728  1174  1174 D SubscriptionController: [getPhoneId]- invalid subId return=-1
01-01 11:08:46.731  1174  1174 D SubscriptionController: [getSubId]- sSlotIdxToSubId.size == 0, return DummySubIds slotIdx=0
01-01 11:08:46.734  1174  1174 D DCT     : [0]isDataAllowed: not allowed due to - Attached= false - SIM not loaded - defaultDataSelected= false
01-01 11:08:46.735  1174  1174 D SubscriptionController: [getPhoneId]- invalid subId return=-1
01-01 11:08:46.737  1174  1174 D SubscriptionController: [getSubId]- sSlotIdxToSubId.size == 0, return DummySubIds slotIdx=0
01-01 11:08:46.738  1174  1174 D DCT     : [0]isDataAllowed: not allowed due to - Attached= false - SIM not loaded - defaultDataSelected= false
01-01 11:08:46.739  1174  1174 D SubscriptionController: [getPhoneId]- invalid subId return=-1
01-01 11:08:46.740  1174  1174 D SubscriptionController: [getSubId]- sSlotIdxToSubId.size == 0, return DummySubIds slotIdx=0
01-01 11:08:46.752  1174  1174 D DCT     : [0]isDataAllowed: not allowed due to - Attached= false - SIM not loaded - defaultDataSelected= false
01-01 11:08:46.753  1174  1174 D SubscriptionController: [getPhoneId]- invalid subId return=-1
01-01 11:08:46.755  1174  1174 D DCT     : [0]handleMessage msg={ when=-469ms what=270345 obj=android.os.AsyncResult@9c73afc target=com.android.internal.telephony.dataconnection.DcTracker }
01-01 11:08:46.755  1174  1174 D DCT     : [0]onDataConnectionDetached: stop polling and notify detached
01-01 11:08:46.755  1174  1174 D DCT     : [0]stopNetStatPoll
01-01 11:08:46.755  1174  1174 D SubscriptionController: [getSubId]- sSlotIdxToSubId.size == 0, return DummySubIds slotIdx=0
01-01 11:08:46.755  1174  1174 D DCT     : [0]notifyDataConnection: reason=dataDetached
01-01 11:08:46.756  1174  1174 D SubscriptionController: [getSubId]- sSlotIdxToSubId.size == 0, return DummySubIds slotIdx=0
01-01 11:08:46.757  1174  1174 D DCT     : [0]isDataAllowed: not allowed due to - Attached= false - SIM not loaded - defaultDataSelected= false
01-01 11:08:46.758  1174  1174 D SubscriptionController: [getPhoneId]- invalid subId return=-1
01-01 11:08:46.759  1174  1174 D SubscriptionController: [getSubId]- sSlotIdxToSubId.size == 0, return DummySubIds slotIdx=0
01-01 11:08:46.759  1174  1174 D DCT     : [0]isDataAllowed: not allowed due to - Attached= false - SIM not loaded - defaultDataSelected= false
01-01 11:08:46.761  1174  1174 D SubscriptionController: [getPhoneId]- invalid subId return=-1
01-01 11:08:46.764  1174  1174 D SubscriptionController: [getSubId]- sSlotIdxToSubId.size == 0, return DummySubIds slotIdx=0
01-01 11:08:46.770  1174  1174 D DCT     : [0]isDataAllowed: not allowed due to - Attached= false - SIM not loaded - defaultDataSelected= false
01-01 11:08:46.771  1174  1174 D SubscriptionController: [getPhoneId]- invalid subId return=-1
01-01 11:08:46.773  1174  1174 D SubscriptionController: [getSubId]- sSlotIdxToSubId.size == 0, return DummySubIds slotIdx=0
01-01 11:08:46.773  1174  1174 D DCT     : [0]isDataAllowed: not allowed due to - Attached= false - SIM not loaded - defaultDataSelected= false
01-01 11:08:46.774  1174  1174 D SubscriptionController: [getPhoneId]- invalid subId return=-1
01-01 11:08:46.775  1174  1174 D SubscriptionController: [getSubId]- sSlotIdxToSubId.size == 0, return DummySubIds slotIdx=0
01-01 11:08:46.776  1174  1174 D DCT     : [0]isDataAllowed: not allowed due to - Attached= false - SIM not loaded - defaultDataSelected= false
01-01 11:08:46.777  1174  1174 D SubscriptionController: [getPhoneId]- invalid subId return=-1
01-01 11:08:46.779  1174  1174 D DCT     : [0]handleMessage msg={ when=-493ms what=270348 obj=android.os.AsyncResult@8b51585 target=com.android.internal.telephony.dataconnection.DcTracker }
01-01 11:08:46.779  1174  1174 D DCT     : [0]onRoamingOff
01-01 11:08:46.779  1174  1174 D SubscriptionController: [getSubId]- sSlotIdxToSubId.size == 0, return DummySubIds slotIdx=0
01-01 11:08:46.780  1174  1174 D DCT     : [0]getDataOnRoamingEnabled: phoneSubId=-2 isDataRoamingEnabled=false
01-01 11:08:46.780  1174  1174 D SubscriptionController: [getSubId]- sSlotIdxToSubId.size == 0, return DummySubIds slotIdx=0
01-01 11:08:46.781  1174  1174 D DCT     : [0]isDataAllowed: not allowed due to - Attached= false - SIM not loaded - defaultDataSelected= false
01-01 11:08:46.783  1174  1174 D SubscriptionController: [getPhoneId]- invalid subId return=-1
01-01 11:08:46.784  1174  1174 D SubscriptionController: [getSubId]- sSlotIdxToSubId.size == 0, return DummySubIds slotIdx=0
01-01 11:08:46.785  1174  1174 D DCT     : [0]isDataAllowed: not allowed due to - Attached= false - SIM not loaded - defaultDataSelected= false
01-01 11:08:46.786  1174  1174 D SubscriptionController: [getPhoneId]- invalid subId return=-1
01-01 11:08:46.787  1174  1174 D SubscriptionController: [getSubId]- sSlotIdxToSubId.size == 0, return DummySubIds slotIdx=0
01-01 11:08:46.787  1174  1174 D DCT     : [0]isDataAllowed: not allowed due to - Attached= false - SIM not loaded - defaultDataSelected= false
01-01 11:08:46.788  1174  1174 D SubscriptionController: [getPhoneId]- invalid subId return=-1
01-01 11:08:46.789  1174  1174 D SubscriptionController: [getSubId]- sSlotIdxToSubId.size == 0, return DummySubIds slotIdx=0
01-01 11:08:46.789  1174  1174 D DCT     : [0]isDataAllowed: not allowed due to - Attached= false - SIM not loaded - defaultDataSelected= false
01-01 11:08:46.790  1174  1174 D SubscriptionController: [getPhoneId]- invalid subId return=-1
01-01 11:08:46.791  1174  1174 D SubscriptionController: [getSubId]- sSlotIdxToSubId.size == 0, return DummySubIds slotIdx=0
01-01 11:08:46.792  1174  1174 D DCT     : [0]isDataAllowed: not allowed due to - Attached= false - SIM not loaded - defaultDataSelected= false
01-01 11:08:46.792  1174  1174 D SubscriptionController: [getPhoneId]- invalid subId return=-1
01-01 11:08:46.794  1174  1174 D DCT     : [0]setupDataOnConnectableApns: roamingOff
01-01 11:08:46.794  1174  1174 D DCT     : [0]setupDataOnConnectableApns: apnContext {mApnType=hipri mState=IDLE mWaitingApns={null} mWaitingApnsPermanentFailureCountDown=0 mApnSetting={null} mReason=radioTurnedOff mDataEnabled=false mDependencyMet=true}
01-01 11:08:46.794  1174  1174 D DCT     : [0]setupDataOnConnectableApns: apnContext {mApnType=mms mState=IDLE mWaitingApns={null} mWaitingApnsPermanentFailureCountDown=0 mApnSetting={null} mReason=radioTurnedOff mDataEnabled=false mDependencyMet=true}
01-01 11:08:46.794  1174  1174 D DCT     : [0]setupDataOnConnectableApns: apnContext {mApnType=supl mState=IDLE mWaitingApns={null} mWaitingApnsPermanentFailureCountDown=0 mApnSetting={null} mReason=radioTurnedOff mDataEnabled=false mDependencyMet=true}
01-01 11:08:46.794  1174  1174 D DCT     : [0]setupDataOnConnectableApns: apnContext {mApnType=dun mState=IDLE mWaitingApns={null} mWaitingApnsPermanentFailureCountDown=0 mApnSetting={null} mReason=radioTurnedOff mDataEnabled=false mDependencyMet=true}
01-01 11:08:46.794  1174  1174 D DCT     : [0]setupDataOnConnectableApns: apnContext {mApnType=default mState=IDLE mWaitingApns={null} mWaitingApnsPermanentFailureCountDown=0 mApnSetting={null} mReason=radioTurnedOff mDataEnabled=false mDependencyMet=true}
01-01 11:08:46.794  1174  1174 D DCT     : [0]handleMessage msg={ when=-507ms what=270377 obj=android.os.AsyncResult@b86dfda target=com.android.internal.telephony.dataconnection.DcTracker }
01-01 11:08:46.794  1174  1174 D DCT     : [0]setupDataOnConnectableApns: nwTypeChanged
01-01 11:08:46.794  1174  1174 D DCT     : [0]setupDataOnConnectableApns: apnContext {mApnType=hipri mState=IDLE mWaitingApns={null} mWaitingApnsPermanentFailureCountDown=0 mApnSetting={null} mReason=radioTurnedOff mDataEnabled=false mDependencyMet=true}
01-01 11:08:46.794  1174  1174 D DCT     : [0]setupDataOnConnectableApns: apnContext {mApnType=mms mState=IDLE mWaitingApns={null} mWaitingApnsPermanentFailureCountDown=0 mApnSetting={null} mReason=radioTurnedOff mDataEnabled=false mDependencyMet=true}
01-01 11:08:46.795  1174  1174 D DCT     : [0]setupDataOnConnectableApns: apnContext {mApnType=supl mState=IDLE mWaitingApns={null} mWaitingApnsPermanentFailureCountDown=0 mApnSetting={null} mReason=radioTurnedOff mDataEnabled=false mDependencyMet=true}
01-01 11:08:46.795  1174  1174 D DCT     : [0]setupDataOnConnectableApns: apnContext {mApnType=dun mState=IDLE mWaitingApns={null} mWaitingApnsPermanentFailureCountDown=0 mApnSetting={null} mReason=radioTurnedOff mDataEnabled=false mDependencyMet=true}
01-01 11:08:46.795  1174  1174 D DCT     : [0]setupDataOnConnectableApns: apnContext {mApnType=default mState=IDLE mWaitingApns={null} mWaitingApnsPermanentFailureCountDown=0 mApnSetting={null} mReason=radioTurnedOff mDataEnabled=false mDependencyMet=true}
01-01 11:08:46.795  1174  1174 D SubscriptionController: [getSubId]- sSlotIdxToSubId.size == 0, return DummySubIds slotIdx=0
01-01 11:08:46.795  1174  1174 D GsmSMSDispatcher: GsmSMSDispatcher: subId = -2 slotId = 0
01-01 11:08:46.795  1174  1174 E IccCardProxy: setExternalState: !override and newstate unchanged from NOT_READY
01-01 11:08:46.795  1174  1174 E IccCardProxy: setExternalState: !override and newstate unchanged from NOT_READY
01-01 11:08:46.795  1174  1174 E IccCardProxy: setExternalState: !override and newstate unchanged from NOT_READY
01-01 11:08:46.795  1174  1174 D DctController: EVENT_PHONE1_DATA_DETACH.
01-01 11:08:46.795  1174  1174 D SubscriptionController: [getSubId]- sSlotIdxToSubId.size == 0, return DummySubIds slotIdx=0
01-01 11:08:46.796  1174  1174 D DctController: [TNF -2]got request NetworkRequest [ id=1, legacyType=-1, [ Capabilities: INTERNET&NOT_RESTRICTED&TRUSTED&NOT_VPN] ] with score 0
01-01 11:08:46.796  1174  1174 D SubscriptionController: [getSubId]- sSlotIdxToSubId.size == 0, return DummySubIds slotIdx=0
01-01 11:08:46.796  1174  1174 D DctController: [TNF -2]Cellular needs Network for NetworkRequest [ id=1, legacyType=-1, [ Capabilities: INTERNET&NOT_RESTRICTED&TRUSTED&NOT_VPN] ]
01-01 11:08:46.796  1174  1174 D SubscriptionController: [getSubId]- sSlotIdxToSubId.size == 0, return DummySubIds slotIdx=0
01-01 11:08:46.796  1174  1174 D SubscriptionController: [getSubId]- sSlotIdxToSubId.size == 0, return DummySubIds slotIdx=0
01-01 11:08:46.796  1174  1174 D DctController: [TNF -2]Request not useable, pending request.
01-01 11:08:46.797  1174  1174 D SubscriptionInfoUpdater: [Receiver]+
01-01 11:08:46.797  1174  1174 D SubscriptionInfoUpdater: Action: android.intent.action.SIM_STATE_CHANGED
01-01 11:08:46.797  1174  1174 D SubscriptionInfoUpdater: slotId: 0
01-01 11:08:46.797  1174  1174 D SubscriptionInfoUpdater: simStatus: NOT_READY
01-01 11:08:46.797  1174  1174 D SubscriptionInfoUpdater: Ignoring simStatus: NOT_READY
01-01 11:08:46.797  1174  1174 D SubscriptionInfoUpdater: [Receiver]-
01-01 11:08:46.797  1174  1174 D DebugService: DebugService DebugService:
01-01 11:08:46.798  1174  1309 D DcSwitchSM: [DcSwitchStateMachine-0] DefaultState: shouldn't happen but ignore msg.what=0x44008
01-01 11:08:46.801  1174  1174 D SipService: SipService: started!
01-01 11:08:46.810  1174  1174 D SipService: start:
01-01 11:08:46.811  1174  1174 D RILJ    : [3653]> RIL_REQUEST_QUERY_TTY_MODE [SUB0]
01-01 11:08:46.811  1174  1174 D RilRequest: [3653]< RIL_REQUEST_QUERY_TTY_MODE error: com.android.internal.telephony.CommandException: RADIO_NOT_AVAILABLE ret=
01-01 11:08:46.811  1174  1174 D DCT     : [0]handleMessage msg={ when=-127ms what=270369 obj=android.os.AsyncResult@7368501 target=com.android.internal.telephony.dataconnection.DcTracker }
01-01 11:08:46.811  1174  1174 D SubscriptionController: [getSubId]- sSlotIdxToSubId.size == 0, return DummySubIds slotIdx=0
01-01 11:08:46.811  1174  1174 D GsmSMSDispatcher: GsmSMSDispatcher: subId = -2 slotId = 0
01-01 11:08:46.811  1174  1174 E IccCardProxy: setExternalState: !override and newstate unchanged from NOT_READY
01-01 11:08:46.817  1174  1174 D GsmSST  : [GsmSST] SubscriptionListener.onSubscriptionInfoChanged
01-01 11:08:46.817  1174  1174 D SubscriptionController: [getSubId]- sSlotIdxToSubId.size == 0, return DummySubIds slotIdx=0
01-01 11:08:46.818  1174  1174 D DCT     : [0]SubscriptionListener.onSubscriptionInfoChanged
01-01 11:08:46.818  1174  1174 D SubscriptionController: [getSubId]- sSlotIdxToSubId.size == 0, return DummySubIds slotIdx=0
01-01 11:08:46.818  1174  1174 D SubscriptionController: [getActiveSubInfoList]+
01-01 11:08:46.819  1174  1174 D SubscriptionController: [getActiveSubInfoList] Sub Controller not ready
01-01 11:08:46.819  1174  1174 D SubscriptionController: [getSubId]- sSlotIdxToSubId.size == 0, return DummySubIds slotIdx=0
01-01 11:08:46.823  1174  1174 D SubscriptionController: [getSubId]- sSlotIdxToSubId.size == 0, return DummySubIds slotIdx=0
01-01 11:08:46.825  1174  1174 D SubscriptionController: [getPhoneId]- invalid subId return=-1
01-01 11:08:46.827  1174  1174 D SubscriptionController: [getSubId]- sSlotIdxToSubId.size == 0, return DummySubIds slotIdx=0
01-01 11:08:46.828  1174  1174 D SubscriptionController: [getSubId]- sSlotIdxToSubId.size == 0, return DummySubIds slotIdx=0
01-01 11:08:46.828  1174  1174 D SubscriptionController: [getSubId]- sSlotIdxToSubId.size == 0, return DummySubIds slotIdx=0
01-01 11:08:46.858  1174  1174 E PhoneBase: Error! registerForCallWaiting() in PhoneBase should not be called, CDMAPhone inactive.
01-01 11:08:46.889  1174  1174 D SubscriptionController: [getSubId]- sSlotIdxToSubId.size == 0, return DummySubIds slotIdx=0
01-01 11:08:46.890  1174  1174 D SubscriptionController: [getSubId]- sSlotIdxToSubId.size == 0, return DummySubIds slotIdx=0
01-01 11:08:46.890  1174  1174 D DCT     : [0]getDataOnRoamingEnabled: phoneSubId=-2 isDataRoamingEnabled=false
01-01 11:08:46.890  1174  1174 D SubscriptionController: [getSubId]- sSlotIdxToSubId.size == 0, return DummySubIds slotIdx=0
01-01 11:08:46.890  1174  1174 D DCT     : [0]getDataOnRoamingEnabled: phoneSubId=-2 isDataRoamingEnabled=false
01-01 11:08:46.890  1174  1174 D SubscriptionController: [getSubId]- sSlotIdxToSubId.size == 0, return DummySubIds slotIdx=0
01-01 11:08:46.890  1174  1174 D DCT     : [0]getDataOnRoamingEnabled: phoneSubId=-2 isDataRoamingEnabled=false
01-01 11:08:46.890  1174  1174 D SubscriptionController: [getSubId]- sSlotIdxToSubId.size == 0, return DummySubIds slotIdx=0
01-01 11:08:46.890  1174  1174 D DCT     : [0]getDataOnRoamingEnabled: phoneSubId=-2 isDataRoamingEnabled=false
01-01 11:08:46.891  1174  1174 D SubscriptionController: [getSubId]- sSlotIdxToSubId.size == 0, return DummySubIds slotIdx=0
01-01 11:08:46.891  1174  1174 D DCT     : [0]getDataOnRoamingEnabled: phoneSubId=-2 isDataRoamingEnabled=false
01-01 11:08:46.891  1174  1174 D SubscriptionController: [getSubId]- sSlotIdxToSubId.size == 0, return DummySubIds slotIdx=0
01-01 11:08:46.891  1174  1174 D DCT     : [0]getDataOnRoamingEnabled: phoneSubId=-2 isDataRoamingEnabled=false
01-01 11:08:46.891  1174  1174 D SubscriptionController: [getSubId]- sSlotIdxToSubId.size == 0, return DummySubIds slotIdx=0
01-01 11:08:46.891  1174  1174 D DCT     : [0]getDataOnRoamingEnabled: phoneSubId=-2 isDataRoamingEnabled=false
01-01 11:08:46.895  1174  1174 D SubscriptionController: [getSubId]- sSlotIdxToSubId.size == 0, return DummySubIds slotIdx=0
01-01 11:08:46.895  1174  1174 D DCT     : [0]getDataOnRoamingEnabled: phoneSubId=-2 isDataRoamingEnabled=false
01-01 11:08:46.895  1174  1174 D SubscriptionController: [getSubId]- sSlotIdxToSubId.size == 0, return DummySubIds slotIdx=0
01-01 11:08:46.895  1174  1174 D DCT     : [0]getDataOnRoamingEnabled: phoneSubId=-2 isDataRoamingEnabled=false
01-01 11:08:46.896  1174  1174 D SubscriptionController: [getSubId]- sSlotIdxToSubId.size == 0, return DummySubIds slotIdx=0
01-01 11:08:46.896  1174  1174 D DCT     : [0]getDataOnRoamingEnabled: phoneSubId=-2 isDataRoamingEnabled=false
01-01 11:08:46.896  1174  1174 D SubscriptionController: [getSubId]- sSlotIdxToSubId.size == 0, return DummySubIds slotIdx=0
01-01 11:08:46.896  1174  1174 D DCT     : [0]getDataOnRoamingEnabled: phoneSubId=-2 isDataRoamingEnabled=false
01-01 11:08:46.896  1174  1174 D SubscriptionController: [getSubId]- sSlotIdxToSubId.size == 0, return DummySubIds slotIdx=0
01-01 11:08:46.896  1174  1174 D DCT     : [0]getDataOnRoamingEnabled: phoneSubId=-2 isDataRoamingEnabled=false
01-01 11:08:46.896  1174  1174 D SubscriptionController: [getSubId]- sSlotIdxToSubId.size == 0, return DummySubIds slotIdx=0
01-01 11:08:46.896  1174  1174 D DCT     : [0]getDataOnRoamingEnabled: phoneSubId=-2 isDataRoamingEnabled=false
01-01 11:08:46.897  1174  1174 D SubscriptionController: [getSubId]- sSlotIdxToSubId.size == 0, return DummySubIds slotIdx=0
01-01 11:08:46.897  1174  1174 D DCT     : [0]getDataOnRoamingEnabled: phoneSubId=-2 isDataRoamingEnabled=false
01-01 11:08:46.901  1174  1174 D SubscriptionController: [getSubId]- sSlotIdxToSubId.size == 0, return DummySubIds slotIdx=0
01-01 11:08:46.901  1174  1174 D DCT     : [0]getDataOnRoamingEnabled: phoneSubId=-2 isDataRoamingEnabled=false
01-01 11:08:46.901  1174  1174 D SubscriptionController: [getSubId]- sSlotIdxToSubId.size == 0, return DummySubIds slotIdx=0
01-01 11:08:46.901  1174  1174 D DCT     : [0]getDataOnRoamingEnabled: phoneSubId=-2 isDataRoamingEnabled=false
01-01 11:08:46.901  1174  1174 D SubscriptionController: [getSubId]- sSlotIdxToSubId.size == 0, return DummySubIds slotIdx=0
01-01 11:08:46.902  1174  1174 D DCT     : [0]getDataOnRoamingEnabled: phoneSubId=-2 isDataRoamingEnabled=false
01-01 11:08:46.902  1174  1174 D SubscriptionController: [getSubId]- sSlotIdxToSubId.size == 0, return DummySubIds slotIdx=0
01-01 11:08:46.902  1174  1174 D DCT     : [0]getDataOnRoamingEnabled: phoneSubId=-2 isDataRoamingEnabled=false
01-01 11:08:46.902  1174  1174 D SubscriptionController: [getSubId]- sSlotIdxToSubId.size == 0, return DummySubIds slotIdx=0
01-01 11:08:46.902  1174  1174 D DCT     : [0]getDataOnRoamingEnabled: phoneSubId=-2 isDataRoamingEnabled=false
01-01 11:08:46.902  1174  1174 D SubscriptionController: [getSubId]- sSlotIdxToSubId.size == 0, return DummySubIds slotIdx=0
01-01 11:08:46.902  1174  1174 D DCT     : [0]getDataOnRoamingEnabled: phoneSubId=-2 isDataRoamingEnabled=false
01-01 11:08:46.902  1174  1174 D DctController: handleMessage msg={ when=-85ms what=107 target=com.android.internal.telephony.dataconnection.DctController }
01-01 11:08:46.902  1174  1174 D DctController: onSubInfoReady mPhoneNum=1
01-01 11:08:46.903  1174  1174 D SubscriptionController: [getSubId]- sSlotIdxToSubId.size == 0, return DummySubIds slotIdx=0
01-01 11:08:46.903  1174  1174 D DctController: onSubInfoReady handle pending requests subId=-2
01-01 11:08:46.903  1174  1174 D SubscriptionController: [getSubId]- sSlotIdxToSubId.size == 0, return DummySubIds slotIdx=0
01-01 11:08:46.903  1174  1174 D DctController: [TNF -2]evalPendingRequest, pending request size is 1
01-01 11:08:46.903  1174  1174 D SubscriptionController: [getSubId]- sSlotIdxToSubId.size == 0, return DummySubIds slotIdx=0
01-01 11:08:46.903  1174  1174 D DctController: [TNF -2]evalPendingRequest: request = NetworkRequest [ id=1, legacyType=-1, [ Capabilities: INTERNET&NOT_RESTRICTED&TRUSTED&NOT_VPN] ]
01-01 11:08:46.903  1174  1174 D SubscriptionController: [getSubId]- sSlotIdxToSubId.size == 0, return DummySubIds slotIdx=0
01-01 11:08:46.903  1174  1174 D DctController: [TNF -2]Cellular needs Network for NetworkRequest [ id=1, legacyType=-1, [ Capabilities: INTERNET&NOT_RESTRICTED&TRUSTED&NOT_VPN] ]
01-01 11:08:46.903  1174  1174 D SubscriptionController: [getSubId]- sSlotIdxToSubId.size == 0, return DummySubIds slotIdx=0
01-01 11:08:46.903  1174  1174 D SubscriptionController: [getSubId]- sSlotIdxToSubId.size == 0, return DummySubIds slotIdx=0
01-01 11:08:46.903  1174  1174 D DctController: [TNF -2]Request not useable, pending request.
01-01 11:08:46.903  1174  1174 D DctController: processRequests
01-01 11:08:46.911  1174  1174 D DctController: handleMessage msg={ when=-8ms what=100 target=com.android.internal.telephony.dataconnection.DctController }
01-01 11:08:46.911  1174  1174 D SubscriptionController: [getPhoneId]- invalid subId return=-1
01-01 11:08:46.913  1174  1174 D DcSwitchAsyncChannel: [DcSwitchAsyncChannel-0]: rspIsIdle=true
01-01 11:08:46.913  1174  1174 D DctController: onProcessRequest requestedPhoneId=-1, activePhoneId=-1
01-01 11:08:47.424  1174  1193 D SubscriptionController: [getActiveSubInfoList]+
01-01 11:08:47.425  1174  1193 D SubscriptionController: [getActiveSubInfoList] Sub Controller not ready
01-01 11:08:47.503  1174  1311 D DCT     : [0]hasMatchedTetherApnSetting: APN=null
01-01 11:08:48.107  1174  1174 D SubscriptionController: [getPhoneId] asked for default subId=-1
01-01 11:08:48.107  1174  1174 D SubscriptionController: [getPhoneId]- invalid subId return=-1
01-01 11:08:49.207  1174  1199 D SubscriptionController: [getActiveSubInfoList]+
01-01 11:08:49.209  1174  1199 D SubscriptionController: [getActiveSubInfoList] Sub Controller not ready
01-01 11:08:49.212  1174  1193 D SubscriptionController: [getPhoneId] asked for default subId=-1
01-01 11:08:49.212  1174  1193 D SubscriptionController: [getPhoneId]- invalid subId return=-1
01-01 11:08:49.219  1174  1199 D SubscriptionController: [getActiveSubInfoList]+
01-01 11:08:49.220  1174  1199 D SubscriptionController: [getActiveSubInfoList] Sub Controller not ready
01-01 11:08:49.234  1174  1311 D SubscriptionController: [getActiveSubInfoList]+
01-01 11:08:49.235  1174  1311 D SubscriptionController: [getActiveSubInfoList] Sub Controller not ready
01-01 11:08:49.337  1174  1311 D SubscriptionController: [getPhoneId] asked for default subId=-1
01-01 11:08:49.337  1174  1311 D SubscriptionController: [getPhoneId]- invalid subId return=-1
01-01 11:08:49.371  1174  1270 D GsmCellBroadcastHandler: mWakeLock released
01-01 11:08:49.416  1174  1292 D CellBroadcastHandler: mWakeLock released
01-01 11:08:49.456  1174  1299 D CdmaServiceCategoryProgramHandler: mWakeLock released
01-01 11:08:49.519  1174  1293 D CdmaInboundSmsHandler: IdleState.processMessage:5
01-01 11:08:49.519  1174  1293 D CdmaInboundSmsHandler: Idle state processing message type 5
01-01 11:08:49.519  1174  1271 D GsmInboundSmsHandler: IdleState.processMessage:5
01-01 11:08:49.519  1174  1271 D GsmInboundSmsHandler: Idle state processing message type 5
01-01 11:08:49.520  1174  1293 D CdmaInboundSmsHandler: mWakeLock released
01-01 11:08:49.520  1174  1271 D GsmInboundSmsHandler: mWakeLock released
01-01 11:08:50.078  1565  1565 D RILD    : **RIL Daemon Started**
01-01 11:08:50.078  1565  1565 D RILD    : **RILd param count=1**
01-01 11:08:50.081  1565  1565 E RILD    : dlopen failed: dlopen failed: library "libpin-cache.so" not found
01-01 11:08:50.140  1174  1233 I RILJ    : Couldn't find 'rild' socket; retrying after timeout
01-01 11:08:54.140  1174  1233 I RILJ    : Couldn't find 'rild' socket; retrying after timeout
01-01 11:08:55.194  1571  1571 D RILD    : **RIL Daemon Started**
01-01 11:08:55.194  1571  1571 D RILD    : **RILd param count=1**
01-01 11:08:55.197  1571  1571 E RILD    : dlopen failed: dlopen failed: library "libpin-cache.so" not found
01-01 11:08:58.143  1174  1233 I RILJ    : Couldn't find 'rild' socket; retrying after timeout
